Flow report for de2_115_vga_platform
Fri May 15 06:13:21 2026
Quartus Prime Version 22.1std.2 Build 922 07/20/2023 SC Lite Edition


---------------------
; Table of Contents ;
---------------------
  1. Legal Notice
  2. Flow Summary
  3. Flow Settings
  4. Flow Non-Default Global Settings
  5. Flow Elapsed Time
  6. Flow OS Summary
  7. Flow Log
  8. Flow Messages
  9. Flow Suppressed Messages



----------------
; Legal Notice ;
----------------
Copyright (C) 2023  Intel Corporation. All rights reserved.
Your use of Intel Corporation's design tools, logic functions 
and other software and tools, and any partner logic 
functions, and any output files from any of the foregoing 
(including device programming or simulation files), and any 
associated documentation or information are expressly subject 
to the terms and conditions of the Intel Program License 
Subscription Agreement, the Intel Quartus Prime License Agreement,
the Intel FPGA IP License Agreement, or other applicable license
agreement, including, without limitation, that your use is for
the sole purpose of programming logic devices manufactured by
Intel and sold by Intel or its authorized distributors.  Please
refer to the applicable agreement for further details, at
https://fpgasoftware.intel.com/eula.



+-------------------------------------------------------------------------------------+
; Flow Summary                                                                        ;
+------------------------------------+------------------------------------------------+
; Flow Status                        ; Successful - Fri May 15 06:12:58 2026          ;
; Quartus Prime Version              ; 22.1std.2 Build 922 07/20/2023 SC Lite Edition ;
; Revision Name                      ; de2_115_vga_platform                           ;
; Top-level Entity Name              ; de2_115_vga_platform                           ;
; Family                             ; Cyclone IV E                                   ;
; Device                             ; EP4CE115F29C7                                  ;
; Timing Models                      ; Final                                          ;
; Total logic elements               ; 64,029 / 114,480 ( 56 % )                      ;
;     Total combinational functions  ; 48,729 / 114,480 ( 43 % )                      ;
;     Dedicated logic registers      ; 34,547 / 114,480 ( 30 % )                      ;
; Total registers                    ; 34651                                          ;
; Total pins                         ; 232 / 529 ( 44 % )                             ;
; Total virtual pins                 ; 0                                              ;
; Total memory bits                  ; 1,480,072 / 3,981,312 ( 37 % )                 ;
; Embedded Multiplier 9-bit elements ; 8 / 532 ( 2 % )                                ;
; Total PLLs                         ; 1 / 4 ( 25 % )                                 ;
+------------------------------------+------------------------------------------------+


+------------------------------------------+
; Flow Settings                            ;
+-------------------+----------------------+
; Option            ; Setting              ;
+-------------------+----------------------+
; Start date & time ; 05/15/2026 06:01:35  ;
; Main task         ; Compilation          ;
; Revision Name     ; de2_115_vga_platform ;
+-------------------+----------------------+


+------------------------------------------------------------------------------------------------------+
; Flow Non-Default Global Settings                                                                     ;
+-----------------------+-----------------------------------+---------------+-------------+------------+
; Assignment Name       ; Value                             ; Default Value ; Entity Name ; Section Id ;
+-----------------------+-----------------------------------+---------------+-------------+------------+
; COMPILER_SIGNATURE_ID ; 88974383105564.177881769410068    ; --            ; --          ; --         ;
; ENABLE_SIGNALTAP      ; On                                ; --            ; --          ; --         ;
; USE_SIGNALTAP_FILE    ; signaltap/usb_hpi_min_capture.stp ; --            ; --          ; --         ;
; VERILOG_MACRO         ; SYNTHESIS=1                       ; --            ; --          ; --         ;
+-----------------------+-----------------------------------+---------------+-------------+------------+


+--------------------------------------------------------------------------------------------------------------------------+
; Flow Elapsed Time                                                                                                        ;
+----------------------+--------------+-------------------------+---------------------+------------------------------------+
; Module Name          ; Elapsed Time ; Average Processors Used ; Peak Virtual Memory ; Total CPU Time (on all processors) ;
+----------------------+--------------+-------------------------+---------------------+------------------------------------+
; Analysis & Synthesis ; 00:02:44     ; 1.0                     ; 5525 MB             ; 00:02:45                           ;
; Fitter               ; 00:08:16     ; 1.4                     ; 7921 MB             ; 00:20:16                           ;
; Assembler            ; 00:00:05     ; 1.0                     ; 5250 MB             ; 00:00:05                           ;
; Timing Analyzer      ; 00:00:22     ; 2.1                     ; 5786 MB             ; 00:00:40                           ;
; Total                ; 00:11:27     ; --                      ; --                  ; 00:23:46                           ;
+----------------------+--------------+-------------------------+---------------------+------------------------------------+


+------------------------------------------------------------------------------------+
; Flow OS Summary                                                                    ;
+----------------------+------------------+------------+------------+----------------+
; Module Name          ; Machine Hostname ; OS Name    ; OS Version ; Processor type ;
+----------------------+------------------+------------+------------+----------------+
; Analysis & Synthesis ; DESKTOP-U7S2PCS  ; Windows 10 ; 10.0       ; x86_64         ;
; Fitter               ; DESKTOP-U7S2PCS  ; Windows 10 ; 10.0       ; x86_64         ;
; Assembler            ; DESKTOP-U7S2PCS  ; Windows 10 ; 10.0       ; x86_64         ;
; Timing Analyzer      ; DESKTOP-U7S2PCS  ; Windows 10 ; 10.0       ; x86_64         ;
+----------------------+------------------+------------+------------+----------------+


------------
; Flow Log ;
------------
quartus_map --read_settings_files=on --write_settings_files=off de2_115_vga_platform -c de2_115_vga_platform
quartus_fit --read_settings_files=off --write_settings_files=off de2_115_vga_platform -c de2_115_vga_platform
quartus_asm --read_settings_files=off --write_settings_files=off de2_115_vga_platform -c de2_115_vga_platform
quartus_sta de2_115_vga_platform -c de2_115_vga_platform



